Failed!  - Failed:     1, Passed:     0, Skipped:     0, Total:     1, Duration: 11 s - Vantus.Tests.dll (net8.0)
